<div class="a">
	<div class="b">
	  <img src="assets/images/illustration.jpg">
	</div>
	<div class="c">
	  <span>Hello world !</span>
	</div>
	<p class="d">
	  Lorem ipsum dolor sit amet, consectetur adipiscing elit, sed do eiusmod tempor incididunt ut labore et dolore magna aliqua.
	</p>
</div>
<div class="a">
	<div class="b">
	  <img src="assets/images/illustration.jpg">
	</div>
	<div class="c">
	  <span>Hello world !</span>
	</div>
	<p class="d">
	  Lorem ipsum dolor sit amet, consectetur adipiscing elit, sed do eiusmod tempor incididunt ut labore et dolore magna aliqua.
	</p>
</div>